Archive member included to satisfy reference by file (symbol)

c:/program files (x86)/atmel/studio/7.0/toolchain/arm/arm-gnu-toolchain/bin/../lib/gcc/arm-none-eabi/6.3.1/thumb/v6-m\libgcc.a(_udivsi3.o)
                              myprintf.o (__aeabi_uidiv)
c:/program files (x86)/atmel/studio/7.0/toolchain/arm/arm-gnu-toolchain/bin/../lib/gcc/arm-none-eabi/6.3.1/thumb/v6-m\libgcc.a(_dvmd_tls.o)
                              c:/program files (x86)/atmel/studio/7.0/toolchain/arm/arm-gnu-toolchain/bin/../lib/gcc/arm-none-eabi/6.3.1/thumb/v6-m\libgcc.a(_udivsi3.o) (__aeabi_idiv0)
c:/program files (x86)/atmel/studio/7.0/toolchain/arm/arm-gnu-toolchain/bin/../lib/gcc/arm-none-eabi/6.3.1/../../../../arm-none-eabi/lib/thumb/v6-m\libc.a(lib_a-exit.o)
                              c:/program files (x86)/atmel/studio/7.0/toolchain/arm/arm-gnu-toolchain/bin/../lib/gcc/arm-none-eabi/6.3.1/../../../../arm-none-eabi/lib/thumb/v6-m/crt0.o (exit)
c:/program files (x86)/atmel/studio/7.0/toolchain/arm/arm-gnu-toolchain/bin/../lib/gcc/arm-none-eabi/6.3.1/../../../../arm-none-eabi/lib/thumb/v6-m\libc.a(lib_a-impure.o)
                              c:/program files (x86)/atmel/studio/7.0/toolchain/arm/arm-gnu-toolchain/bin/../lib/gcc/arm-none-eabi/6.3.1/../../../../arm-none-eabi/lib/thumb/v6-m\libc.a(lib_a-exit.o) (_global_impure_ptr)
c:/program files (x86)/atmel/studio/7.0/toolchain/arm/arm-gnu-toolchain/bin/../lib/gcc/arm-none-eabi/6.3.1/../../../../arm-none-eabi/lib/thumb/v6-m\libc.a(lib_a-init.o)
                              c:/program files (x86)/atmel/studio/7.0/toolchain/arm/arm-gnu-toolchain/bin/../lib/gcc/arm-none-eabi/6.3.1/../../../../arm-none-eabi/lib/thumb/v6-m/crt0.o (__libc_init_array)
c:/program files (x86)/atmel/studio/7.0/toolchain/arm/arm-gnu-toolchain/bin/../lib/gcc/arm-none-eabi/6.3.1/../../../../arm-none-eabi/lib/thumb/v6-m\libc.a(lib_a-memcpy-stub.o)
                              queue.o (memcpy)
c:/program files (x86)/atmel/studio/7.0/toolchain/arm/arm-gnu-toolchain/bin/../lib/gcc/arm-none-eabi/6.3.1/../../../../arm-none-eabi/lib/thumb/v6-m\libc.a(lib_a-memset.o)
                              c:/program files (x86)/atmel/studio/7.0/toolchain/arm/arm-gnu-toolchain/bin/../lib/gcc/arm-none-eabi/6.3.1/../../../../arm-none-eabi/lib/thumb/v6-m/crt0.o (memset)
c:/program files (x86)/atmel/studio/7.0/toolchain/arm/arm-gnu-toolchain/bin/../lib/gcc/arm-none-eabi/6.3.1/../../../../arm-none-eabi/lib/thumb/v6-m\libc.a(lib_a-sprintf.o)
                              tasks.o (sprintf)
c:/program files (x86)/atmel/studio/7.0/toolchain/arm/arm-gnu-toolchain/bin/../lib/gcc/arm-none-eabi/6.3.1/../../../../arm-none-eabi/lib/thumb/v6-m\libc.a(lib_a-strcpy.o)
                              tasks.o (strcpy)
c:/program files (x86)/atmel/studio/7.0/toolchain/arm/arm-gnu-toolchain/bin/../lib/gcc/arm-none-eabi/6.3.1/../../../../arm-none-eabi/lib/thumb/v6-m\libc.a(lib_a-strlen-stub.o)
                              tasks.o (strlen)
c:/program files (x86)/atmel/studio/7.0/toolchain/arm/arm-gnu-toolchain/bin/../lib/gcc/arm-none-eabi/6.3.1/../../../../arm-none-eabi/lib/thumb/v6-m\libc.a(lib_a-svfprintf.o)
                              c:/program files (x86)/atmel/studio/7.0/toolchain/arm/arm-gnu-toolchain/bin/../lib/gcc/arm-none-eabi/6.3.1/../../../../arm-none-eabi/lib/thumb/v6-m\libc.a(lib_a-sprintf.o) (_svfprintf_r)
c:/program files (x86)/atmel/studio/7.0/toolchain/arm/arm-gnu-toolchain/bin/../lib/gcc/arm-none-eabi/6.3.1/../../../../arm-none-eabi/lib/thumb/v6-m\libc.a(lib_a-__call_atexit.o)
                              c:/program files (x86)/atmel/studio/7.0/toolchain/arm/arm-gnu-toolchain/bin/../lib/gcc/arm-none-eabi/6.3.1/../../../../arm-none-eabi/lib/thumb/v6-m\libc.a(lib_a-exit.o) (__call_exitprocs)
c:/program files (x86)/atmel/studio/7.0/toolchain/arm/arm-gnu-toolchain/bin/../lib/gcc/arm-none-eabi/6.3.1/../../../../arm-none-eabi/lib/thumb/v6-m\libc.a(lib_a-atexit.o)
                              c:/program files (x86)/atmel/studio/7.0/toolchain/arm/arm-gnu-toolchain/bin/../lib/gcc/arm-none-eabi/6.3.1/../../../../arm-none-eabi/lib/thumb/v6-m\libc.a(lib_a-__call_atexit.o) (atexit)
c:/program files (x86)/atmel/studio/7.0/toolchain/arm/arm-gnu-toolchain/bin/../lib/gcc/arm-none-eabi/6.3.1/../../../../arm-none-eabi/lib/thumb/v6-m\libc.a(lib_a-dtoa.o)
                              c:/program files (x86)/atmel/studio/7.0/toolchain/arm/arm-gnu-toolchain/bin/../lib/gcc/arm-none-eabi/6.3.1/../../../../arm-none-eabi/lib/thumb/v6-m\libc.a(lib_a-svfprintf.o) (_dtoa_r)
c:/program files (x86)/atmel/studio/7.0/toolchain/arm/arm-gnu-toolchain/bin/../lib/gcc/arm-none-eabi/6.3.1/../../../../arm-none-eabi/lib/thumb/v6-m\libc.a(lib_a-fini.o)
                              c:/program files (x86)/atmel/studio/7.0/toolchain/arm/arm-gnu-toolchain/bin/../lib/gcc/arm-none-eabi/6.3.1/../../../../arm-none-eabi/lib/thumb/v6-m\libc.a(lib_a-__call_atexit.o) (__libc_fini_array)
[...]
Memory Configuration

Name             Origin             Length             Attributes
rom              0x00000000         0x00040000         xr
ram              0x20000000         0x00008000         xrw
*default*        0x00000000         0xffffffff

Linker script and memory map

LOAD c:/program files (x86)/atmel/studio/7.0/toolchain/arm/arm-gnu-toolchain/bin/../lib/gcc/arm-none-eabi/6.3.1/thumb/v6-m/crti.o
LOAD c:/program files (x86)/atmel/studio/7.0/toolchain/arm/arm-gnu-toolchain/bin/../lib/gcc/arm-none-eabi/6.3.1/thumb/v6-m/crtbegin.o
LOAD c:/program files (x86)/atmel/studio/7.0/toolchain/arm/arm-gnu-toolchain/bin/../lib/gcc/arm-none-eabi/6.3.1/../../../../arm-none-eabi/lib/thumb/v6-m/crt0.o
LOAD croutine.o
LOAD Device_Startup/startup_samd21.o
LOAD Device_Startup/system_samd21.o
LOAD event_groups.o
LOAD heap_2.o
LOAD list.o
LOAD main.o
LOAD myprintf.o
LOAD port.o
LOAD queue.o
LOAD RTCControl.o
LOAD SPI.o
LOAD stream_buffer.o
LOAD tasks.o
LOAD timers.o
LOAD uart.o
START GROUP
LOAD c:/program files (x86)/atmel/studio/7.0/toolchain/arm/arm-gnu-toolchain/bin/../lib/gcc/arm-none-eabi/6.3.1/../../../../arm-none-eabi/lib/thumb/v6-m\libm.a
END GROUP
START GROUP
LOAD c:/program files (x86)/atmel/studio/7.0/toolchain/arm/arm-gnu-toolchain/bin/../lib/gcc/arm-none-eabi/6.3.1/thumb/v6-m\libgcc.a
LOAD c:/program files (x86)/atmel/studio/7.0/toolchain/arm/arm-gnu-toolchain/bin/../lib/gcc/arm-none-eabi/6.3.1/../../../../arm-none-eabi/lib/thumb/v6-m\libc.a
END GROUP
LOAD c:/program files (x86)/atmel/studio/7.0/toolchain/arm/arm-gnu-toolchain/bin/../lib/gcc/arm-none-eabi/6.3.1/thumb/v6-m/crtend.o
LOAD c:/program files (x86)/atmel/studio/7.0/toolchain/arm/arm-gnu-toolchain/bin/../lib/gcc/arm-none-eabi/6.3.1/thumb/v6-m/crtn.o
                0x00002000                STACK_SIZE = DEFINED (STACK_SIZE)?STACK_SIZE:DEFINED (__stack_size__)?__stack_size__:0x2000

.text           0x00000000     0x2638
                0x00000000                . = ALIGN (0x4)
                0x00000000                _sfixed = .
 *(.vectors .vectors.*)
 .vectors       0x00000000       0xb4 Device_Startup/startup_samd21.o
                0x00000000                exception_table
 *(.text .text.* .gnu.linkonce.t.*)
 .text          0x000000b4       0x60 c:/program files (x86)/atmel/studio/7.0/toolchain/arm/arm-gnu-toolchain/bin/../lib/gcc/arm-none-eabi/6.3.1/thumb/v6-m/crtbegin.o
 .text.Dummy_Handler
                0x00000114        0x2 Device_Startup/startup_samd21.o
                0x00000114                SVCall_Handler
                0x00000114                DMAC_Handler
                0x00000114                HardFault_Handler
                0x00000114                AC_Handler
                0x00000114                SERCOM1_Handler
                0x00000114                ADC_Handler
                0x00000114                NonMaskableInt_Handler
                0x00000114                TCC1_Handler
                0x00000114                SERCOM2_Handler
                0x00000114                TCC0_Handler
                0x00000114                RTC_Handler
                0x00000114                EIC_Handler
                0x00000114                WDT_Handler
                0x00000114                TC4_Handler
                0x00000114                USB_Handler
                0x00000114                TC3_Handler
                0x00000114                Dummy_Handler
                0x00000114                PM_Handler
                0x00000114                SERCOM5_Handler
                0x00000114                TCC2_Handler
                0x00000114                EVSYS_Handler
                0x00000114                SERCOM3_Handler
                0x00000114                SERCOM4_Handler
                0x00000114                I2S_Handler
                0x00000114                NVMCTRL_Handler
                0x00000114                SERCOM0_Handler
                0x00000114                DAC_Handler
                0x00000114                PTC_Handler
                0x00000114                TC5_Handler
                0x00000114                SYSCTRL_Handler
 *fill*         0x00000116        0x2 
 .text.Reset_Handler
                0x00000118       0xe4 Device_Startup/startup_samd21.o
                0x00000118                Reset_Handler
 .text.SystemInit
                0x000001fc       0x10 Device_Startup/system_samd21.o
                0x000001fc                SystemInit
 .text.pvPortMalloc
                0x0000020c       0xcc heap_2.o
                0x0000020c                pvPortMalloc
 .text.vPortFree
                0x000002d8       0x48 heap_2.o
                0x000002d8                vPortFree
 .text.vListInitialise
                0x00000320       0x16 list.o
                0x00000320                vListInitialise
 .text.vListInitialiseItem
                0x00000336        0x6 list.o
                0x00000336                vListInitialiseItem
 .text.vListInsertEnd
                0x0000033c       0x18 list.o
                0x0000033c                vListInsertEnd
 .text.vListInsert
                0x00000354       0x2e list.o
                0x00000354                vListInsert
 .text.uxListRemove
                0x00000382       0x28 list.o
                0x00000382                uxListRemove
 *fill*         0x000003aa        0x2 
 .text.CheckRx  0x000003ac       0x40 main.o
                0x000003ac                CheckRx
 .text.PingRasp
                0x000003ec       0x58 main.o
                0x000003ec                PingRasp
 .text.HandleDoor
                0x00000444       0x60 main.o
                0x00000444                HandleDoor
 .text.PassData
                0x000004a4       0x84 main.o
                0x000004a4                PassData
 .text.main     0x00000528      0x128 main.o
                0x00000528                main
 .text.out      0x00000650       0x10 myprintf.o
 .text.outDgt   0x00000660       0x2c myprintf.o
 .text.divOut   0x0000068c       0x44 myprintf.o
 .text.myputchar
                0x000006d0       0x2c myprintf.o
 .text.tfp_printf
                0x000006fc      0x1fc myprintf.o
                0x000006fc                tfp_printf
 .text.prvTaskExitError
                0x000008f8       0x24 port.o
 *fill*         0x0000091c        0x4 
 .text.vPortStartFirstTask
                0x00000920       0x34 port.o
 .text.pxPortInitialiseStack
                0x00000954       0x20 port.o
                0x00000954                pxPortInitialiseStack
 .text.xPortStartScheduler
                0x00000974       0x64 port.o
                0x00000974                xPortStartScheduler
 .text.vPortYield
                0x000009d8       0x18 port.o
                0x000009d8                vPortYield
 .text.vPortEnterCritical
                0x000009f0       0x18 port.o
                0x000009f0                vPortEnterCritical
 .text.vPortExitCritical
                0x00000a08       0x20 port.o
                0x00000a08                vPortExitCritical
 .text.ulSetInterruptMaskFromISR
                0x00000a28        0x8 port.o
                0x00000a28                ulSetInterruptMaskFromISR
 .text.vClearInterruptMaskFromISR
                0x00000a30        0x6 port.o
                0x00000a30                vClearInterruptMaskFromISR
 *fill*         0x00000a36        0xa 
 .text.PendSV_Handler
                0x00000a40       0x44 port.o
                0x00000a40                PendSV_Handler
 .text.SysTick_Handler
                0x00000a84       0x30 port.o
                0x00000a84                SysTick_Handler
 .text.prvIsQueueEmpty
                0x00000ab4       0x1c queue.o
 .text.prvCopyDataToQueue
                0x00000ad0       0x7c queue.o
 .text.prvNotifyQueueSetContainer
                0x00000b4c       0x68 queue.o
 .text.prvCopyDataFromQueue
                0x00000bb4       0x28 queue.o
 .text.prvUnlockQueue
                0x00000bdc       0xb0 queue.o
 .text.xQueueGenericReset
                0x00000c8c       0x7c queue.o
                0x00000c8c                xQueueGenericReset
 .text.xQueueGenericCreate
                0x00000d08       0x4c queue.o
                0x00000d08                xQueueGenericCreate
 .text.xQueueGenericSend
                0x00000d54      0x18c queue.o
                0x00000d54                xQueueGenericSend
 .text.xQueueGenericSendFromISR
                0x00000ee0       0xd0 queue.o
                0x00000ee0                xQueueGenericSendFromISR
 .text.xQueueReceive
                0x00000fb0      0x154 queue.o
                0x00000fb0                xQueueReceive
 .text.xQueueSemaphoreTake
                0x00001104      0x198 queue.o
                0x00001104                xQueueSemaphoreTake
 .text.vQueueAddToRegistry
                0x0000129c       0x30 queue.o
                0x0000129c                vQueueAddToRegistry
 .text.vQueueWaitForMessageRestricted
                0x000012cc       0x60 queue.o
                0x000012cc                vQueueWaitForMessageRestricted
 .text.sendI2CDataArray
                0x0000132c       0x80 RTCControl.o
                0x0000132c                sendI2CDataArray
 .text.receiveI2CDataArray
                0x000013ac       0xac RTCControl.o
                0x000013ac                receiveI2CDataArray
 .text.initI2C  0x00001458       0x98 RTCControl.o
                0x00001458                initI2C
 .text.prvResetNextTaskUnblockTime
                0x000014f0       0x28 tasks.o
 .text.prvIdleTask
                0x00001518       0x6c tasks.o
 .text.prvAddCurrentTaskToDelayedList
                0x00001584       0x70 tasks.o
 .text.xTaskCreate
                0x000015f4      0x1d4 tasks.o
                0x000015f4                xTaskCreate
 .text.vTaskStartScheduler
                0x000017c8       0x68 tasks.o
                0x000017c8                vTaskStartScheduler
 .text.vTaskSuspendAll
                0x00001830       0x10 tasks.o
                0x00001830                vTaskSuspendAll
 .text.xTaskGetTickCount
                0x00001840        0xc tasks.o
                0x00001840                xTaskGetTickCount
 .text.xTaskIncrementTick
                0x0000184c      0x110 tasks.o
                0x0000184c                xTaskIncrementTick
 .text.xTaskResumeAll
                0x0000195c       0xf4 tasks.o
                0x0000195c                xTaskResumeAll
 .text.vTaskDelay
                0x00001a50       0x40 tasks.o
                0x00001a50                vTaskDelay
 .text.vTaskSwitchContext
                0x00001a90       0x94 tasks.o
                0x00001a90                vTaskSwitchContext
 .text.vTaskPlaceOnEventList
                0x00001b24       0x2c tasks.o
                0x00001b24                vTaskPlaceOnEventList
 .text.vTaskPlaceOnEventListRestricted
                0x00001b50       0x38 tasks.o
                0x00001b50                vTaskPlaceOnEventListRestricted
 .text.xTaskRemoveFromEventList
                0x00001b88       0x80 tasks.o
                0x00001b88                xTaskRemoveFromEventList
 .text.vTaskInternalSetTimeOutState
                0x00001c08       0x10 tasks.o
                0x00001c08                vTaskInternalSetTimeOutState
 .text.xTaskCheckForTimeOut
                0x00001c18       0x6c tasks.o
                0x00001c18                xTaskCheckForTimeOut
 .text.vTaskMissedYield
                0x00001c84        0xc tasks.o
                0x00001c84                vTaskMissedYield
 .text.xTaskGetSchedulerState
                0x00001c90       0x1c tasks.o
                0x00001c90                xTaskGetSchedulerState
 .text.xTaskPriorityInherit
                0x00001cac       0x98 tasks.o
                0x00001cac                xTaskPriorityInherit
 .text.xTaskPriorityDisinherit
                0x00001d44       0x7c tasks.o
                0x00001d44                xTaskPriorityDisinherit
 .text.vTaskPriorityDisinheritAfterTimeout
                0x00001dc0       0x8c tasks.o
                0x00001dc0                vTaskPriorityDisinheritAfterTimeout
 .text.pvTaskIncrementMutexHeldCount
                0x00001e4c       0x1c tasks.o
                0x00001e4c                pvTaskIncrementMutexHeldCount
 .text.prvInsertTimerInActiveList
                0x00001e68       0x44 timers.o
 .text.prvCheckForValidListAndQueue
                0x00001eac       0x60 timers.o
 .text.xTimerCreateTimerTask
                0x00001f0c       0x48 timers.o
                0x00001f0c                xTimerCreateTimerTask
 .text.xTimerGenericCommand
                0x00001f54       0x6c timers.o
                0x00001f54                xTimerGenericCommand
 .text.prvSampleTimeNow
                0x00001fc0       0xb0 timers.o
 .text.prvTimerTask
                0x00002070      0x180 timers.o
 .text.initUART
                0x000021f0       0x9c uart.o
                0x000021f0                initUART
 .text.__libc_init_array
                0x0000228c       0x48 c:/program files (x86)/atmel/studio/7.0/toolchain/arm/arm-gnu-toolchain/bin/../lib/gcc/arm-none-eabi/6.3.1/../../../../arm-none-eabi/lib/thumb/v6-m\libc.a(lib_a-init.o)
                0x0000228c                __libc_init_array
 .text.memcpy   0x000022d4       0x84 c:/program files (x86)/atmel/studio/7.0/toolchain/arm/arm-gnu-toolchain/bin/../lib/gcc/arm-none-eabi/6.3.1/../../../../arm-none-eabi/lib/thumb/v6-m\libc.a(lib_a-memcpy-stub.o)
                0x000022d4                memcpy
 .text.memset   0x00002358       0x94 c:/program files (x86)/atmel/studio/7.0/toolchain/arm/arm-gnu-toolchain/bin/../lib/gcc/arm-none-eabi/6.3.1/../../../../arm-none-eabi/lib/thumb/v6-m\libc.a(lib_a-memset.o)
                0x00002358                memset
 .text.startup.register_fini
                0x000023ec       0x18 c:/program files (x86)/atmel/studio/7.0/toolchain/arm/arm-gnu-toolchain/bin/../lib/gcc/arm-none-eabi/6.3.1/../../../../arm-none-eabi/lib/thumb/v6-m\libc.a(lib_a-__call_atexit.o)
 .text.atexit   0x00002404       0x10 c:/program files (x86)/atmel/studio/7.0/toolchain/arm/arm-gnu-toolchain/bin/../lib/gcc/arm-none-eabi/6.3.1/../../../../arm-none-eabi/lib/thumb/v6-m\libc.a(lib_a-atexit.o)
                0x00002404                atexit
 .text.__libc_fini_array
                0x00002414       0x34 c:/program files (x86)/atmel/studio/7.0/toolchain/arm/arm-gnu-toolchain/bin/../lib/gcc/arm-none-eabi/6.3.1/../../../../arm-none-eabi/lib/thumb/v6-m\libc.a(lib_a-fini.o)
                0x00002414                __libc_fini_array
 .text.__retarget_lock_acquire_recursive
                0x00002448        0x4 c:/program files (x86)/atmel/studio/7.0/toolchain/arm/arm-gnu-toolchain/bin/../lib/gcc/arm-none-eabi/6.3.1/../../../../arm-none-eabi/lib/thumb/v6-m\libc.a(lib_a-lock.o)
                0x00002448                __retarget_lock_acquire_recursive
 .text.__retarget_lock_release_recursive
                0x0000244c        0x4 c:/program files (x86)/atmel/studio/7.0/toolchain/arm/arm-gnu-toolchain/bin/../lib/gcc/arm-none-eabi/6.3.1/../../../../arm-none-eabi/lib/thumb/v6-m\libc.a(lib_a-lock.o)
                0x0000244c                __retarget_lock_release_recursive
 .text.__register_exitproc
                0x00002450       0xf4 c:/program files (x86)/atmel/studio/7.0/toolchain/arm/arm-gnu-toolchain/bin/../lib/gcc/arm-none-eabi/6.3.1/../../../../arm-none-eabi/lib/thumb/v6-m\libc.a(lib_a-__atexit.o)
                0x00002450                __register_exitproc
 *(.glue_7t)
 .glue_7t       0x00002544        0x0 linker stubs
 *(.glue_7)
 .glue_7        0x00002544        0x0 linker stubs
 *(.rodata .rodata* .gnu.linkonce.r.*)
 .rodata.str1.4
                0x00002544       0x7b main.o
 *fill*         0x000025bf        0x1 
 .rodata.str1.4
                0x000025c0       0x17 tasks.o
 *fill*         0x000025d7        0x1 
 .rodata        0x000025d8       0x28 timers.o
 .rodata.str1.4
                0x00002600       0x10 timers.o
 .rodata._global_impure_ptr
                0x00002610        0x4 c:/program files (x86)/atmel/studio/7.0/toolchain/arm/arm-gnu-toolchain/bin/../lib/gcc/arm-none-eabi/6.3.1/../../../../arm-none-eabi/lib/thumb/v6-m\libc.a(lib_a-impure.o)
                0x00002610                _global_impure_ptr
 *(.ARM.extab* .gnu.linkonce.armextab.*)
                0x00002614                . = ALIGN (0x4)
 *(.init)
 .init          0x00002614        0x4 c:/program files (x86)/atmel/studio/7.0/toolchain/arm/arm-gnu-toolchain/bin/../lib/gcc/arm-none-eabi/6.3.1/thumb/v6-m/crti.o
                0x00002614                _init
 .init          0x00002618        0x8 c:/program files (x86)/atmel/studio/7.0/toolchain/arm/arm-gnu-toolchain/bin/../lib/gcc/arm-none-eabi/6.3.1/thumb/v6-m/crtn.o
                0x00002620                . = ALIGN (0x4)
                0x00002620                __preinit_array_start = .
 *(.preinit_array)
                0x00002620                __preinit_array_end = .
                0x00002620                . = ALIGN (0x4)
                0x00002620                __init_array_start = .
 *(SORT(.init_array.*))
 .init_array.00000
                0x00002620        0x4 c:/program files (x86)/atmel/studio/7.0/toolchain/arm/arm-gnu-toolchain/bin/../lib/gcc/arm-none-eabi/6.3.1/../../../../arm-none-eabi/lib/thumb/v6-m\libc.a(lib_a-__call_atexit.o)
 *(.init_array)
 .init_array    0x00002624        0x4 c:/program files (x86)/atmel/studio/7.0/toolchain/arm/arm-gnu-toolchain/bin/../lib/gcc/arm-none-eabi/6.3.1/thumb/v6-m/crtbegin.o
                0x00002628                __init_array_end = .
                0x00002628                . = ALIGN (0x4)
 *crtbegin.o(.ctors)
 *(EXCLUDE_FILE(*crtend.o) .ctors)
 *(SORT(.ctors.*))
 *crtend.o(.ctors)
                0x00002628                . = ALIGN (0x4)
 *(.fini)
 .fini          0x00002628        0x4 c:/program files (x86)/atmel/studio/7.0/toolchain/arm/arm-gnu-toolchain/bin/../lib/gcc/arm-none-eabi/6.3.1/thumb/v6-m/crti.o
                0x00002628                _fini
 .fini          0x0000262c        0x8 c:/program files (x86)/atmel/studio/7.0/toolchain/arm/arm-gnu-toolchain/bin/../lib/gcc/arm-none-eabi/6.3.1/thumb/v6-m/crtn.o
                0x00002634                . = ALIGN (0x4)
                0x00002634                __fini_array_start = .
 *(.fini_array)
 .fini_array    0x00002634        0x4 c:/program files (x86)/atmel/studio/7.0/toolchain/arm/arm-gnu-toolchain/bin/../lib/gcc/arm-none-eabi/6.3.1/thumb/v6-m/crtbegin.o
 *(SORT(.fini_array.*))
                0x00002638                __fini_array_end = .
 *crtbegin.o(.dtors)
 *(EXCLUDE_FILE(*crtend.o) .dtors)
 *(SORT(.dtors.*))
 *crtend.o(.dtors)
                0x00002638                . = ALIGN (0x4)
                0x00002638                _efixed = .
                [!provide]                PROVIDE (__exidx_start, .)

.vfp11_veneer   0x00002638        0x0
 .vfp11_veneer  0x00002638        0x0 linker stubs

.v4_bx          0x00002638        0x0
 .v4_bx         0x00002638        0x0 linker stubs

.iplt           0x00002638        0x0
 .iplt          0x00002638        0x0 c:/program files (x86)/atmel/studio/7.0/toolchain/arm/arm-gnu-toolchain/bin/../lib/gcc/arm-none-eabi/6.3.1/thumb/v6-m/crtbegin.o

.eh_frame       0x00002638        0x0
 .eh_frame      0x00002638        0x0 c:/program files (x86)/atmel/studio/7.0/toolchain/arm/arm-gnu-toolchain/bin/../lib/gcc/arm-none-eabi/6.3.1/thumb/v6-m/crtbegin.o

.rel.dyn        0x00002638        0x0
 .rel.iplt      0x00002638        0x0 c:/program files (x86)/atmel/studio/7.0/toolchain/arm/arm-gnu-toolchain/bin/../lib/gcc/arm-none-eabi/6.3.1/thumb/v6-m/crtbegin.o

.jcr            0x00002638        0x0
 .jcr           0x00002638        0x0 c:/program files (x86)/atmel/studio/7.0/toolchain/arm/arm-gnu-toolchain/bin/../lib/gcc/arm-none-eabi/6.3.1/thumb/v6-m/crtbegin.o

.igot.plt       0x00002638        0x0
 .igot.plt      0x00002638        0x0 c:/program files (x86)/atmel/studio/7.0/toolchain/arm/arm-gnu-toolchain/bin/../lib/gcc/arm-none-eabi/6.3.1/thumb/v6-m/crtbegin.o

.ARM.exidx
 *(.ARM.exidx* .gnu.linkonce.armexidx.*)
                [!provide]                PROVIDE (__exidx_end, .)
                0x00002638                . = ALIGN (0x4)
                0x00002638                _etext = .

.relocate       0x20000000      0x43c load address 0x00002638
                0x20000000                . = ALIGN (0x4)
                0x20000000                _srelocate = .
 *(.ramfunc .ramfunc.*)
 *(.data .data.*)
 .data          0x20000000        0x4 Device_Startup/system_samd21.o
                0x20000000                SystemCoreClock
 .data          0x20000004        0x4 heap_2.o
 .data          0x20000008        0x4 main.o
                0x20000008                Door_Queue_Handle
 .data          0x2000000c        0x4 port.o
 .data.impure_data
                0x20000010      0x428 c:/program files (x86)/atmel/studio/7.0/toolchain/arm/arm-gnu-toolchain/bin/../lib/gcc/arm-none-eabi/6.3.1/../../../../arm-none-eabi/lib/thumb/v6-m\libc.a(lib_a-impure.o)
 .data.__atexit_recursive_mutex
                0x20000438        0x4 c:/program files (x86)/atmel/studio/7.0/toolchain/arm/arm-gnu-toolchain/bin/../lib/gcc/arm-none-eabi/6.3.1/../../../../arm-none-eabi/lib/thumb/v6-m\libc.a(lib_a-__call_atexit.o)
                0x20000438                __atexit_recursive_mutex
                0x2000043c                . = ALIGN (0x4)
                0x2000043c                _erelocate = .

.bss            0x2000043c     0x407c load address 0x00002a74
                0x2000043c                . = ALIGN (0x4)
                0x2000043c                _sbss = .
                0x2000043c                _szero = .
 *(.bss .bss.*)
 .bss           0x2000043c       0x1c c:/program files (x86)/atmel/studio/7.0/toolchain/arm/arm-gnu-toolchain/bin/../lib/gcc/arm-none-eabi/6.3.1/thumb/v6-m/crtbegin.o
 .bss           0x20000458     0x3e94 heap_2.o
 .bss           0x200042ec        0x6 main.o
                0x200042ec                Global_Queue_Handle
 *fill*         0x200042f2        0x2 
 .bss           0x200042f4       0x18 myprintf.o
 .bss           0x2000430c      0x104 tasks.o
                0x200043c0                pxCurrentTCB
 .bss           0x20004410       0x3c timers.o
 *(COMMON)
 COMMON         0x2000444c        0x4 main.o
                0x2000444c                rx_binary_sem
 COMMON         0x20004450       0x40 queue.o
                0x20004450                xQueueRegistry
 COMMON         0x20004490        0x4 RTCControl.o
                0x20004490                i
 COMMON         0x20004494       0x21 c:/program files (x86)/atmel/studio/7.0/toolchain/arm/arm-gnu-toolchain/bin/../lib/gcc/arm-none-eabi/6.3.1/../../../../arm-none-eabi/lib/thumb/v6-m\libc.a(lib_a-lock.o)
                0x20004494                __lock___atexit_recursive_mutex
                0x20004498                __lock___arc4random_mutex
                0x2000449c                __lock___env_recursive_mutex
                0x200044a0                __lock___sinit_recursive_mutex
                0x200044a4                __lock___malloc_recursive_mutex
                0x200044a8                __lock___at_quick_exit_mutex
                0x200044ac                __lock___dd_hash_mutex
                0x200044b0                __lock___tz_mutex
                0x200044b4                __lock___sfp_recursive_mutex
                0x200044b8                . = ALIGN (0x4)
 *fill*         0x200044b5        0x3 
                0x200044b8                _ebss = .
                0x200044b8                _ezero = .

.stack          0x200044b8     0x2000 load address 0x00006af0
                0x200044b8                . = ALIGN (0x8)
                0x200044b8                _sstack = .
                0x200064b8                . = (. + STACK_SIZE)
 *fill*         0x200044b8     0x2000 
                0x200064b8                . = ALIGN (0x8)
                0x200064b8                _estack = .
                0x200064b8                . = ALIGN (0x4)
                0x200064b8                _end = .
OUTPUT(ArduinoRTOSProject.elf elf32-littlearm)

.ARM.attributes
                0x00000000       0x28
 .ARM.attributes
                0x00000000       0x1e c:/program files (x86)/atmel/studio/7.0/toolchain/arm/arm-gnu-toolchain/bin/../lib/gcc/arm-none-eabi/6.3.1/thumb/v6-m/crti.o
 .ARM.attributes
                0x0000001e       0x2c c:/program files (x86)/atmel/studio/7.0/toolchain/arm/arm-gnu-toolchain/bin/../lib/gcc/arm-none-eabi/6.3.1/thumb/v6-m/crtbegin.o
 .ARM.attributes
                0x0000004a       0x32 Device_Startup/startup_samd21.o
 .ARM.attributes
                0x0000007c       0x32 Device_Startup/system_samd21.o
 .ARM.attributes
                0x000000ae       0x32 heap_2.o
 .ARM.attributes
                0x000000e0       0x32 list.o
 .ARM.attributes
                0x00000112       0x32 main.o
 .ARM.attributes
                0x00000144       0x32 myprintf.o
 .ARM.attributes
                0x00000176       0x32 port.o
 .ARM.attributes
                0x000001a8       0x32 queue.o
 .ARM.attributes
                0x000001da       0x32 RTCControl.o
 .ARM.attributes
                0x0000020c       0x32 tasks.o
 .ARM.attributes
                0x0000023e       0x32 timers.o
 .ARM.attributes
                0x00000270       0x32 uart.o
 .ARM.attributes
                0x000002a2       0x2c c:/program files (x86)/atmel/studio/7.0/toolchain/arm/arm-gnu-toolchain/bin/../lib/gcc/arm-none-eabi/6.3.1/../../../../arm-none-eabi/lib/thumb/v6-m\libc.a(lib_a-impure.o)
 .ARM.attributes
                0x000002ce       0x2c c:/program files (x86)/atmel/studio/7.0/toolchain/arm/arm-gnu-toolchain/bin/../lib/gcc/arm-none-eabi/6.3.1/../../../../arm-none-eabi/lib/thumb/v6-m\libc.a(lib_a-init.o)
 .ARM.attributes
                0x000002fa       0x2c c:/program files (x86)/atmel/studio/7.0/toolchain/arm/arm-gnu-toolchain/bin/../lib/gcc/arm-none-eabi/6.3.1/../../../../arm-none-eabi/lib/thumb/v6-m\libc.a(lib_a-memcpy-stub.o)
 .ARM.attributes
                0x00000326       0x2c c:/program files (x86)/atmel/studio/7.0/toolchain/arm/arm-gnu-toolchain/bin/../lib/gcc/arm-none-eabi/6.3.1/../../../../arm-none-eabi/lib/thumb/v6-m\libc.a(lib_a-memset.o)
 .ARM.attributes
                0x00000352       0x2c c:/program files (x86)/atmel/studio/7.0/toolchain/arm/arm-gnu-toolchain/bin/../lib/gcc/arm-none-eabi/6.3.1/../../../../arm-none-eabi/lib/thumb/v6-m\libc.a(lib_a-__call_atexit.o)
 .ARM.attributes
                0x0000037e       0x2c c:/program files (x86)/atmel/studio/7.0/toolchain/arm/arm-gnu-toolchain/bin/../lib/gcc/arm-none-eabi/6.3.1/../../../../arm-none-eabi/lib/thumb/v6-m\libc.a(lib_a-atexit.o)
 .ARM.attributes
                0x000003aa       0x2c c:/program files (x86)/atmel/studio/7.0/toolchain/arm/arm-gnu-toolchain/bin/../lib/gcc/arm-none-eabi/6.3.1/../../../../arm-none-eabi/lib/thumb/v6-m\libc.a(lib_a-fini.o)
 .ARM.attributes
                0x000003d6       0x2c c:/program files (x86)/atmel/studio/7.0/toolchain/arm/arm-gnu-toolchain/bin/../lib/gcc/arm-none-eabi/6.3.1/../../../../arm-none-eabi/lib/thumb/v6-m\libc.a(lib_a-lock.o)
 .ARM.attributes
                0x00000402       0x2c c:/program files (x86)/atmel/studio/7.0/toolchain/arm/arm-gnu-toolchain/bin/../lib/gcc/arm-none-eabi/6.3.1/../../../../arm-none-eabi/lib/thumb/v6-m\libc.a(lib_a-__atexit.o)
 .ARM.attributes
                0x0000042e       0x1e c:/program files (x86)/atmel/studio/7.0/toolchain/arm/arm-gnu-toolchain/bin/../lib/gcc/arm-none-eabi/6.3.1/thumb/v6-m/crtn.o

.comment        0x00000000       0x59
 .comment       0x00000000       0x59 Device_Startup/startup_samd21.o
                                 0x5a (size before relaxing)
 .comment       0x00000059       0x5a Device_Startup/system_samd21.o
 .comment       0x00000059       0x5a heap_2.o
 .comment       0x00000059       0x5a list.o
 .comment       0x00000059       0x5a main.o
 .comment       0x00000059       0x5a myprintf.o
 .comment       0x00000059       0x5a port.o
 .comment       0x00000059       0x5a queue.o
 .comment       0x00000059       0x5a RTCControl.o
 .comment       0x00000059       0x5a tasks.o
 .comment       0x00000059       0x5a timers.o
 .comment       0x00000059       0x5a uart.o

.debug_info     0x00000000    0x186f7
 .debug_info    0x00000000     0x3a28 Device_Startup/startup_samd21.o
 .debug_info    0x00003a28       0xd5 Device_Startup/system_samd21.o
 .debug_info    0x00003afd      0xc6a heap_2.o
 .debug_info    0x00004767      0xbd6 list.o
 .debug_info    0x0000533d     0x3cb5 main.o
 .debug_info    0x00008ff2     0x2576 myprintf.o
 .debug_info    0x0000b568      0x303 port.o
 .debug_info    0x0000b86b     0x26e0 queue.o
 .debug_info    0x0000df4b     0x3054 RTCControl.o
 .debug_info    0x00010f9f     0x2f16 tasks.o
 .debug_info    0x00013eb5     0x18e4 timers.o
 .debug_info    0x00015799     0x2f5e uart.o

.debug_abbrev   0x00000000     0x1e7f
 .debug_abbrev  0x00000000      0x234 Device_Startup/startup_samd21.o
 .debug_abbrev  0x00000234       0x72 Device_Startup/system_samd21.o
 .debug_abbrev  0x000002a6      0x2aa heap_2.o
 .debug_abbrev  0x00000550      0x221 list.o
 .debug_abbrev  0x00000771      0x25d main.o
 .debug_abbrev  0x000009ce      0x3ba myprintf.o
 .debug_abbrev  0x00000d88      0x1c8 port.o
 .debug_abbrev  0x00000f50      0x3c3 queue.o
 .debug_abbrev  0x00001313      0x20a RTCControl.o
 .debug_abbrev  0x0000151d      0x421 tasks.o
 .debug_abbrev  0x0000193e      0x3b9 timers.o
 .debug_abbrev  0x00001cf7      0x188 uart.o

.debug_loc      0x00000000     0x62b9
 .debug_loc     0x00000000       0x40 Device_Startup/startup_samd21.o
 .debug_loc     0x00000040      0x264 heap_2.o
 .debug_loc     0x000002a4       0x72 list.o
 .debug_loc     0x00000316      0x181 main.o
 .debug_loc     0x00000497      0xb30 myprintf.o
 .debug_loc     0x00000fc7      0x133 port.o
 .debug_loc     0x000010fa     0x1f2b queue.o
 .debug_loc     0x00003025      0x153 RTCControl.o
 .debug_loc     0x00003178     0x2527 tasks.o
 .debug_loc     0x0000569f      0xc1a timers.o

.debug_aranges  0x00000000      0x5e8
 .debug_aranges
                0x00000000       0x28 Device_Startup/startup_samd21.o
 .debug_aranges
                0x00000028       0x28 Device_Startup/system_samd21.o
 .debug_aranges
                0x00000050       0x38 heap_2.o
 .debug_aranges
                0x00000088       0x40 list.o
 .debug_aranges
                0x000000c8       0x40 main.o
 .debug_aranges
                0x00000108       0x68 myprintf.o
 .debug_aranges
                0x00000170       0x80 port.o
 .debug_aranges
                0x000001f0      0x140 queue.o
 .debug_aranges
                0x00000330       0x40 RTCControl.o
 .debug_aranges
                0x00000370      0x1c0 tasks.o
 .debug_aranges
                0x00000530       0x98 timers.o
 .debug_aranges
                0x000005c8       0x20 uart.o

.debug_ranges   0x00000000      0x7c0
 .debug_ranges  0x00000000       0x18 Device_Startup/startup_samd21.o
 .debug_ranges  0x00000018       0x18 Device_Startup/system_samd21.o
 .debug_ranges  0x00000030       0x28 heap_2.o
 .debug_ranges  0x00000058       0x30 list.o
 .debug_ranges  0x00000088       0x30 main.o
 .debug_ranges  0x000000b8       0xb0 myprintf.o
 .debug_ranges  0x00000168       0x70 port.o
 .debug_ranges  0x000001d8      0x220 queue.o
 .debug_ranges  0x000003f8       0x30 RTCControl.o
 .debug_ranges  0x00000428      0x2c8 tasks.o
 .debug_ranges  0x000006f0       0xc0 timers.o
 .debug_ranges  0x000007b0       0x10 uart.o

.debug_macro    0x00000000    0x11d35
 .debug_macro   0x00000000      0x2ed Device_Startup/startup_samd21.o
 .debug_macro   0x000002ed       0x39 Device_Startup/startup_samd21.o
 .debug_macro   0x00000326       0x28 Device_Startup/startup_samd21.o
 .debug_macro   0x0000034e       0x85 Device_Startup/startup_samd21.o
 .debug_macro   0x000003d3      0x375 Device_Startup/startup_samd21.o
 .debug_macro   0x00000748      0x67e Device_Startup/startup_samd21.o
 .debug_macro   0x00000dc6      0x8b1 Device_Startup/startup_samd21.o
 .debug_macro   0x00001677      0x22e Device_Startup/startup_samd21.o
 .debug_macro   0x000018a5      0xd5c Device_Startup/startup_samd21.o
 .debug_macro   0x00002601      0x4dc Device_Startup/startup_samd21.o
 .debug_macro   0x00002add      0x9f6 Device_Startup/startup_samd21.o
 .debug_macro   0x000034d3      0x82b Device_Startup/startup_samd21.o
 .debug_macro   0x00003cfe      0x45f Device_Startup/startup_samd21.o
 .debug_macro   0x0000415d       0x5e Device_Startup/startup_samd21.o
 .debug_macro   0x000041bb      0x8f9 Device_Startup/startup_samd21.o
 .debug_macro   0x00004ab4      0x21c Device_Startup/startup_samd21.o
 .debug_macro   0x00004cd0      0x735 Device_Startup/startup_samd21.o
 .debug_macro   0x00005405       0x5e Device_Startup/startup_samd21.o
 .debug_macro   0x00005463      0x632 Device_Startup/startup_samd21.o
 .debug_macro   0x00005a95      0x3ac Device_Startup/startup_samd21.o
 .debug_macro   0x00005e41      0xc76 Device_Startup/startup_samd21.o
 .debug_macro   0x00006ab7     0x1092 Device_Startup/startup_samd21.o
 .debug_macro   0x00007b49      0xc4a Device_Startup/startup_samd21.o
 .debug_macro   0x00008793      0x6ba Device_Startup/startup_samd21.o
 .debug_macro   0x00008e4d     0x1b3d Device_Startup/startup_samd21.o
 .debug_macro   0x0000a98a     0x143c Device_Startup/startup_samd21.o
 .debug_macro   0x0000bdc6      0x340 Device_Startup/startup_samd21.o
 .debug_macro   0x0000c106       0x7c Device_Startup/startup_samd21.o
 .debug_macro   0x0000c182       0xa0 Device_Startup/startup_samd21.o
 .debug_macro   0x0000c222       0x4c Device_Startup/startup_samd21.o
 .debug_macro   0x0000c26e       0xca Device_Startup/startup_samd21.o
 .debug_macro   0x0000c338       0x94 Device_Startup/startup_samd21.o
 .debug_macro   0x0000c3cc       0x58 Device_Startup/startup_samd21.o
 .debug_macro   0x0000c424      0x341 Device_Startup/startup_samd21.o
 .debug_macro   0x0000c765       0x82 Device_Startup/startup_samd21.o
 .debug_macro   0x0000c7e7      0x189 Device_Startup/startup_samd21.o
 .debug_macro   0x0000c970       0xb8 Device_Startup/startup_samd21.o
 .debug_macro   0x0000ca28       0xa0 Device_Startup/startup_samd21.o
 .debug_macro   0x0000cac8       0xb2 Device_Startup/startup_samd21.o
 .debug_macro   0x0000cb7a       0x1c Device_Startup/startup_samd21.o
 .debug_macro   0x0000cb96       0x1c Device_Startup/startup_samd21.o
 .debug_macro   0x0000cbb2       0x1c Device_Startup/startup_samd21.o
 .debug_macro   0x0000cbce       0x7c Device_Startup/startup_samd21.o
 .debug_macro   0x0000cc4a      0x15a Device_Startup/startup_samd21.o
 .debug_macro   0x0000cda4       0x10 Device_Startup/startup_samd21.o
 .debug_macro   0x0000cdb4       0xdc Device_Startup/startup_samd21.o
 .debug_macro   0x0000ce90      0x124 Device_Startup/startup_samd21.o
 .debug_macro   0x0000cfb4      0x124 Device_Startup/startup_samd21.o
 .debug_macro   0x0000d0d8      0x124 Device_Startup/startup_samd21.o
 .debug_macro   0x0000d1fc      0x124 Device_Startup/startup_samd21.o
 .debug_macro   0x0000d320      0x124 Device_Startup/startup_samd21.o
 .debug_macro   0x0000d444      0x124 Device_Startup/startup_samd21.o
 .debug_macro   0x0000d568      0x124 Device_Startup/startup_samd21.o
 .debug_macro   0x0000d68c       0xe2 Device_Startup/startup_samd21.o
 .debug_macro   0x0000d76e       0xe2 Device_Startup/startup_samd21.o
 .debug_macro   0x0000d850       0xe2 Device_Startup/startup_samd21.o
 .debug_macro   0x0000d932      0x12a Device_Startup/startup_samd21.o
 .debug_macro   0x0000da5c      0x100 Device_Startup/startup_samd21.o
 .debug_macro   0x0000db5c       0xf4 Device_Startup/startup_samd21.o
 .debug_macro   0x0000dc50      0x40f Device_Startup/startup_samd21.o
 .debug_macro   0x0000e05f       0x40 Device_Startup/startup_samd21.o
 .debug_macro   0x0000e09f      0x376 Device_Startup/startup_samd21.o
 .debug_macro   0x0000e415     0x17df Device_Startup/startup_samd21.o
 .debug_macro   0x0000fbf4       0x6d Device_Startup/startup_samd21.o
 .debug_macro   0x0000fc61      0x2f3 Device_Startup/system_samd21.o
 .debug_macro   0x0000ff54      0x1a8 heap_2.o
 .debug_macro   0x000100fc      0x17b list.o
 .debug_macro   0x00010277      0x3b7 main.o
 .debug_macro   0x0001062e       0x86 main.o
 .debug_macro   0x000106b4       0x84 main.o
 .debug_macro   0x00010738       0x1c main.o
 .debug_macro   0x00010754       0x58 main.o
 .debug_macro   0x000107ac       0x16 main.o
 .debug_macro   0x000107c2       0x22 main.o
 .debug_macro   0x000107e4       0x34 main.o
 .debug_macro   0x00010818      0x305 myprintf.o
 .debug_macro   0x00010b1d      0x124 port.o
 .debug_macro   0x00010c41      0x1f7 queue.o
 .debug_macro   0x00010e38       0x16 queue.o
 .debug_macro   0x00010e4e       0x35 queue.o
 .debug_macro   0x00010e83      0x305 RTCControl.o
 .debug_macro   0x00011188       0x2e RTCControl.o
 .debug_macro   0x000111b6      0x313 tasks.o
 .debug_macro   0x000114c9       0x10 tasks.o
 .debug_macro   0x000114d9       0x1c tasks.o
 .debug_macro   0x000114f5       0x10 tasks.o
 .debug_macro   0x00011505       0x10 tasks.o
 .debug_macro   0x00011515       0x1c tasks.o
 .debug_macro   0x00011531       0x52 tasks.o
 .debug_macro   0x00011583       0x40 tasks.o
 .debug_macro   0x000115c3       0x10 tasks.o
 .debug_macro   0x000115d3       0x40 tasks.o
 .debug_macro   0x00011613       0xd7 tasks.o
 .debug_macro   0x000116ea       0x16 tasks.o
 .debug_macro   0x00011700      0x18b tasks.o
 .debug_macro   0x0001188b      0x1b4 timers.o
 .debug_macro   0x00011a3f      0x2f6 uart.o

.debug_line     0x00000000     0x57fd
 .debug_line    0x00000000      0x6df Device_Startup/startup_samd21.o
 .debug_line    0x000006df      0x6ca Device_Startup/system_samd21.o
 .debug_line    0x00000da9      0x3f7 heap_2.o
 .debug_line    0x000011a0      0x3c9 list.o
 .debug_line    0x00001569      0x825 main.o
 .debug_line    0x00001d8e      0x8bd myprintf.o
 .debug_line    0x0000264b      0x3ea port.o
 .debug_line    0x00002a35      0xacd queue.o
 .debug_line    0x00003502      0x79f RTCControl.o
 .debug_line    0x00003ca1      0xef2 tasks.o
 .debug_line    0x00004b93      0x59b timers.o
 .debug_line    0x0000512e      0x6cf uart.o

.debug_str      0x00000000    0x7a4c8
 .debug_str     0x00000000    0x6d99e Device_Startup/startup_samd21.o
                              0x6ddd0 (size before relaxing)
 .debug_str     0x0006d99e       0x5c Device_Startup/system_samd21.o
                              0x6cc54 (size before relaxing)
 .debug_str     0x0006d9fa     0x6acd heap_2.o
                               0x9f8b (size before relaxing)
 .debug_str     0x000744c7      0x123 list.o
                               0x9742 (size before relaxing)
 .debug_str     0x000745ea     0x1dd4 main.o
                              0x725d9 (size before relaxing)
 .debug_str     0x000763be       0xae myprintf.o
                              0x6d54b (size before relaxing)
 .debug_str     0x0007646c      0x400 port.o
                               0x7276 (size before relaxing)
 .debug_str     0x0007686c      0x9b6 queue.o
                               0xaf31 (size before relaxing)
 .debug_str     0x00077222      0x316 RTCControl.o
                              0x6d949 (size before relaxing)
 .debug_str     0x00077538     0x2b42 tasks.o
                               0xcc8a (size before relaxing)
 .debug_str     0x0007a07a      0x442 timers.o
                               0xb1f3 (size before relaxing)
 .debug_str     0x0007a4bc        0xc uart.o
                              0x6d76d (size before relaxing)

.debug_frame    0x00000000     0x11c4
 .debug_frame   0x00000000       0x40 Device_Startup/startup_samd21.o
 .debug_frame   0x00000040       0x30 Device_Startup/system_samd21.o
 .debug_frame   0x00000070       0x68 heap_2.o
 .debug_frame   0x000000d8       0x6c list.o
 .debug_frame   0x00000144       0xac main.o
 .debug_frame   0x000001f0      0x130 myprintf.o
 .debug_frame   0x00000320       0xfc port.o
 .debug_frame   0x0000041c      0x3d0 queue.o
 .debug_frame   0x000007ec       0x84 RTCControl.o
 .debug_frame   0x00000870      0x578 tasks.o
 .debug_frame   0x00000de8      0x19c timers.o
 .debug_frame   0x00000f84       0x20 uart.o
 .debug_frame   0x00000fa4       0x2c c:/program files (x86)/atmel/studio/7.0/toolchain/arm/arm-gnu-toolchain/bin/../lib/gcc/arm-none-eabi/6.3.1/../../../../arm-none-eabi/lib/thumb/v6-m\libc.a(lib_a-init.o)
 .debug_frame   0x00000fd0       0x30 c:/program files (x86)/atmel/studio/7.0/toolchain/arm/arm-gnu-toolchain/bin/../lib/gcc/arm-none-eabi/6.3.1/../../../../arm-none-eabi/lib/thumb/v6-m\libc.a(lib_a-memcpy-stub.o)
 .debug_frame   0x00001000       0x30 c:/program files (x86)/atmel/studio/7.0/toolchain/arm/arm-gnu-toolchain/bin/../lib/gcc/arm-none-eabi/6.3.1/../../../../arm-none-eabi/lib/thumb/v6-m\libc.a(lib_a-memset.o)
 .debug_frame   0x00001030       0x54 c:/program files (x86)/atmel/studio/7.0/toolchain/arm/arm-gnu-toolchain/bin/../lib/gcc/arm-none-eabi/6.3.1/../../../../arm-none-eabi/lib/thumb/v6-m\libc.a(lib_a-__call_atexit.o)
 .debug_frame   0x00001084       0x28 c:/program files (x86)/atmel/studio/7.0/toolchain/arm/arm-gnu-toolchain/bin/../lib/gcc/arm-none-eabi/6.3.1/../../../../arm-none-eabi/lib/thumb/v6-m\libc.a(lib_a-atexit.o)
 .debug_frame   0x000010ac       0x2c c:/program files (x86)/atmel/studio/7.0/toolchain/arm/arm-gnu-toolchain/bin/../lib/gcc/arm-none-eabi/6.3.1/../../../../arm-none-eabi/lib/thumb/v6-m\libc.a(lib_a-fini.o)
 .debug_frame   0x000010d8       0xb0 c:/program files (x86)/atmel/studio/7.0/toolchain/arm/arm-gnu-toolchain/bin/../lib/gcc/arm-none-eabi/6.3.1/../../../../arm-none-eabi/lib/thumb/v6-m\libc.a(lib_a-lock.o)
 .debug_frame   0x00001188       0x3c c:/program files (x86)/atmel/studio/7.0/toolchain/arm/arm-gnu-toolchain/bin/../lib/gcc/arm-none-eabi/6.3.1/../../../../arm-none-eabi/lib/thumb/v6-m\libc.a(lib_a-__atexit.o)
