Archive member included to satisfy reference by file (symbol)

c:/program files (x86)/atmel/studio/7.0/toolchain/arm/arm-gnu-toolchain/bin/../lib/gcc/arm-none-eabi/6.3.1/thumb/v6-m\libgcc.a(_thumb1_case_uqi.o)
                              tasks.o (__gnu_thumb1_case_uqi)
c:/program files (x86)/atmel/studio/7.0/toolchain/arm/arm-gnu-toolchain/bin/../lib/gcc/arm-none-eabi/6.3.1/thumb/v6-m\libgcc.a(_udivsi3.o)
                              myprintf.o (__aeabi_uidiv)
c:/program files (x86)/atmel/studio/7.0/toolchain/arm/arm-gnu-toolchain/bin/../lib/gcc/arm-none-eabi/6.3.1/thumb/v6-m\libgcc.a(_dvmd_tls.o)
                              c:/program files (x86)/atmel/studio/7.0/toolchain/arm/arm-gnu-toolchain/bin/../lib/gcc/arm-none-eabi/6.3.1/thumb/v6-m\libgcc.a(_udivsi3.o) (__aeabi_idiv0)
c:/program files (x86)/atmel/studio/7.0/toolchain/arm/arm-gnu-toolchain/bin/../lib/gcc/arm-none-eabi/6.3.1/../../../../arm-none-eabi/lib/thumb/v6-m\libc.a(lib_a-exit.o)
                              c:/program files (x86)/atmel/studio/7.0/toolchain/arm/arm-gnu-toolchain/bin/../lib/gcc/arm-none-eabi/6.3.1/../../../../arm-none-eabi/lib/thumb/v6-m/crt0.o (exit)
c:/program files (x86)/atmel/studio/7.0/toolchain/arm/arm-gnu-toolchain/bin/../lib/gcc/arm-none-eabi/6.3.1/../../../../arm-none-eabi/lib/thumb/v6-m\libc.a(lib_a-impure.o)
                              c:/program files (x86)/atmel/studio/7.0/toolchain/arm/arm-gnu-toolchain/bin/../lib/gcc/arm-none-eabi/6.3.1/../../../../arm-none-eabi/lib/thumb/v6-m\libc.a(lib_a-exit.o) (_global_impure_ptr)
c:/program files (x86)/atmel/studio/7.0/toolchain/arm/arm-gnu-toolchain/bin/../lib/gcc/arm-none-eabi/6.3.1/../../../../arm-none-eabi/lib/thumb/v6-m\libc.a(lib_a-init.o)
                              c:/program files (x86)/atmel/studio/7.0/toolchain/arm/arm-gnu-toolchain/bin/../lib/gcc/arm-none-eabi/6.3.1/../../../../arm-none-eabi/lib/thumb/v6-m/crt0.o (__libc_init_array)
c:/program files (x86)/atmel/studio/7.0/toolchain/arm/arm-gnu-toolchain/bin/../lib/gcc/arm-none-eabi/6.3.1/../../../../arm-none-eabi/lib/thumb/v6-m\libc.a(lib_a-memcpy-stub.o)
                              queue.o (memcpy)
c:/program files (x86)/atmel/studio/7.0/toolchain/arm/arm-gnu-toolchain/bin/../lib/gcc/arm-none-eabi/6.3.1/../../../../arm-none-eabi/lib/thumb/v6-m\libc.a(lib_a-memset.o)
                              c:/program files (x86)/atmel/studio/7.0/toolchain/arm/arm-gnu-toolchain/bin/../lib/gcc/arm-none-eabi/6.3.1/../../../../arm-none-eabi/lib/thumb/v6-m/crt0.o (memset)
c:/program files (x86)/atmel/studio/7.0/toolchain/arm/arm-gnu-toolchain/bin/../lib/gcc/arm-none-eabi/6.3.1/../../../../arm-none-eabi/lib/thumb/v6-m\libc.a(lib_a-sprintf.o)
                              tasks.o (sprintf)
c:/program files (x86)/atmel/studio/7.0/toolchain/arm/arm-gnu-toolchain/bin/../lib/gcc/arm-none-eabi/6.3.1/../../../../arm-none-eabi/lib/thumb/v6-m\libc.a(lib_a-strcpy.o)
                              tasks.o (strcpy)
c:/program files (x86)/atmel/studio/7.0/toolchain/arm/arm-gnu-toolchain/bin/../lib/gcc/arm-none-eabi/6.3.1/../../../../arm-none-eabi/lib/thumb/v6-m\libc.a(lib_a-strlen-stub.o)
                              tasks.o (strlen)
c:/program files (x86)/atmel/studio/7.0/toolchain/arm/arm-gnu-toolchain/bin/../lib/gcc/arm-none-eabi/6.3.1/../../../../arm-none-eabi/lib/thumb/v6-m\libc.a(lib_a-svfprintf.o)
                              c:/program files (x86)/atmel/studio/7.0/toolchain/arm/arm-gnu-toolchain/bin/../lib/gcc/arm-none-eabi/6.3.1/../../../../arm-none-eabi/lib/thumb/v6-m\libc.a(lib_a-sprintf.o) (_svfprintf_r)
c:/program files (x86)/atmel/studio/7.0/toolchain/arm/arm-gnu-toolchain/bin/../lib/gcc/arm-none-eabi/6.3.1/../../../../arm-none-eabi/lib/thumb/v6-m\libc.a(lib_a-__call_atexit.o)
                              c:/program files (x86)/atmel/studio/7.0/toolchain/arm/arm-gnu-toolchain/bin/../lib/gcc/arm-none-eabi/6.3.1/../../../../arm-none-eabi/lib/thumb/v6-m\libc.a(lib_a-exit.o) (__call_exitprocs)
c:/program files (x86)/atmel/studio/7.0/toolchain/arm/arm-gnu-toolchain/bin/../lib/gcc/arm-none-eabi/6.3.1/../../../../arm-none-eabi/lib/thumb/v6-m\libc.a(lib_a-atexit.o)
                              c:/program files (x86)/atmel/studio/7.0/toolchain/arm/arm-gnu-toolchain/bin/../lib/gcc/arm-none-eabi/6.3.1/../../../../arm-none-eabi/lib/thumb/v6-m\libc.a(lib_a-__call_atexit.o) (atexit)
c:/program files (x86)/atmel/studio/7.0/toolchain/arm/arm-gnu-toolchain/bin/../lib/gcc/arm-none-eabi/6.3.1/../../../../arm-none-eabi/lib/thumb/v6-m\libc.a(lib_a-dtoa.o)
                              c:/program files (x86)/atmel/studio/7.0/toolchain/arm/arm-gnu-toolchain/bin/../lib/gcc/arm-none-eabi/6.3.1/../../../../arm-none-eabi/lib/thumb/v6-m\libc.a(lib_a-svfprintf.o) (_dtoa_r)
c:/program files (x86)/atmel/studio/7.0/toolchain/arm/arm-gnu-toolchain/bin/../lib/gcc/arm-none-eabi/6.3.1/../../../../arm-none-eabi/lib/thumb/v6-m\libc.a(lib_a-fini.o)
[...]
Memory Configuration

Name             Origin             Length             Attributes
rom              0x00000000         0x00040000         xr
ram              0x20000000         0x00008000         xrw
*default*        0x00000000         0xffffffff

Linker script and memory map

LOAD c:/program files (x86)/atmel/studio/7.0/toolchain/arm/arm-gnu-toolchain/bin/../lib/gcc/arm-none-eabi/6.3.1/thumb/v6-m/crti.o
LOAD c:/program files (x86)/atmel/studio/7.0/toolchain/arm/arm-gnu-toolchain/bin/../lib/gcc/arm-none-eabi/6.3.1/thumb/v6-m/crtbegin.o
LOAD c:/program files (x86)/atmel/studio/7.0/toolchain/arm/arm-gnu-toolchain/bin/../lib/gcc/arm-none-eabi/6.3.1/../../../../arm-none-eabi/lib/thumb/v6-m/crt0.o
LOAD croutine.o
LOAD Device_Startup/startup_samd21.o
LOAD Device_Startup/system_samd21.o
LOAD event_groups.o
LOAD heap_2.o
LOAD list.o
LOAD main.o
LOAD myprintf.o
LOAD port.o
LOAD queue.o
LOAD RTCControl.o
LOAD SPI.o
LOAD stream_buffer.o
LOAD tasks.o
LOAD timers.o
LOAD uart.o
START GROUP
LOAD c:/program files (x86)/atmel/studio/7.0/toolchain/arm/arm-gnu-toolchain/bin/../lib/gcc/arm-none-eabi/6.3.1/../../../../arm-none-eabi/lib/thumb/v6-m\libm.a
END GROUP
START GROUP
LOAD c:/program files (x86)/atmel/studio/7.0/toolchain/arm/arm-gnu-toolchain/bin/../lib/gcc/arm-none-eabi/6.3.1/thumb/v6-m\libgcc.a
LOAD c:/program files (x86)/atmel/studio/7.0/toolchain/arm/arm-gnu-toolchain/bin/../lib/gcc/arm-none-eabi/6.3.1/../../../../arm-none-eabi/lib/thumb/v6-m\libc.a
END GROUP
LOAD c:/program files (x86)/atmel/studio/7.0/toolchain/arm/arm-gnu-toolchain/bin/../lib/gcc/arm-none-eabi/6.3.1/thumb/v6-m/crtend.o
LOAD c:/program files (x86)/atmel/studio/7.0/toolchain/arm/arm-gnu-toolchain/bin/../lib/gcc/arm-none-eabi/6.3.1/thumb/v6-m/crtn.o
                0x00002000                STACK_SIZE = DEFINED (STACK_SIZE)?STACK_SIZE:DEFINED (__stack_size__)?__stack_size__:0x2000

.text           0x00000000     0x2274
                0x00000000                . = ALIGN (0x4)
                0x00000000                _sfixed = .
 *(.vectors .vectors.*)
 .vectors       0x00000000       0xb4 Device_Startup/startup_samd21.o
                0x00000000                exception_table
 *(.text .text.* .gnu.linkonce.t.*)
 .text          0x000000b4       0x60 c:/program files (x86)/atmel/studio/7.0/toolchain/arm/arm-gnu-toolchain/bin/../lib/gcc/arm-none-eabi/6.3.1/thumb/v6-m/crtbegin.o
 .text.Dummy_Handler
                0x00000114        0x2 Device_Startup/startup_samd21.o
                0x00000114                SVCall_Handler
                0x00000114                DMAC_Handler
                0x00000114                HardFault_Handler
                0x00000114                AC_Handler
                0x00000114                SERCOM1_Handler
                0x00000114                ADC_Handler
                0x00000114                NonMaskableInt_Handler
                0x00000114                TCC1_Handler
                0x00000114                SERCOM2_Handler
                0x00000114                TCC0_Handler
                0x00000114                RTC_Handler
                0x00000114                EIC_Handler
                0x00000114                WDT_Handler
                0x00000114                TC4_Handler
                0x00000114                USB_Handler
                0x00000114                TC3_Handler
                0x00000114                Dummy_Handler
                0x00000114                PM_Handler
                0x00000114                SERCOM5_Handler
                0x00000114                TCC2_Handler
                0x00000114                EVSYS_Handler
                0x00000114                SERCOM3_Handler
                0x00000114                SERCOM4_Handler
                0x00000114                I2S_Handler
                0x00000114                NVMCTRL_Handler
                0x00000114                SERCOM0_Handler
                0x00000114                DAC_Handler
                0x00000114                PTC_Handler
                0x00000114                TC5_Handler
                0x00000114                SYSCTRL_Handler
 *fill*         0x00000116        0x2 
 .text.Reset_Handler
                0x00000118       0xbc Device_Startup/startup_samd21.o
                0x00000118                Reset_Handler
 .text.SystemInit
                0x000001d4       0x10 Device_Startup/system_samd21.o
                0x000001d4                SystemInit
 .text.pvPortMalloc
                0x000001e4       0xc0 heap_2.o
                0x000001e4                pvPortMalloc
 .text.vPortFree
                0x000002a4       0x40 heap_2.o
                0x000002a4                vPortFree
 .text.vListInitialise
                0x000002e4       0x16 list.o
                0x000002e4                vListInitialise
 .text.vListInitialiseItem
                0x000002fa        0x6 list.o
                0x000002fa                vListInitialiseItem
 .text.vListInsertEnd
                0x00000300       0x18 list.o
                0x00000300                vListInsertEnd
 .text.vListInsert
                0x00000318       0x2e list.o
                0x00000318                vListInsert
 .text.uxListRemove
                0x00000346       0x22 list.o
                0x00000346                uxListRemove
 .text.CheckRx  0x00000368       0x40 main.o
                0x00000368                CheckRx
 .text.PingRasp
                0x000003a8       0x54 main.o
                0x000003a8                PingRasp
 .text.HandleDoor
                0x000003fc       0x54 main.o
                0x000003fc                HandleDoor
 .text.PassData
                0x00000450       0x60 main.o
                0x00000450                PassData
 .text.startup.main
                0x000004b0      0x12c main.o
                0x000004b0                main
 .text.out      0x000005dc       0x10 myprintf.o
 .text.outDgt   0x000005ec       0x2c myprintf.o
 .text.divOut   0x00000618       0x3c myprintf.o
 .text.myputchar
                0x00000654       0x24 myprintf.o
 .text.tfp_printf
                0x00000678      0x178 myprintf.o
                0x00000678                tfp_printf
 .text.prvTaskExitError
                0x000007f0       0x24 port.o
 *fill*         0x00000814        0xc 
 .text.vPortStartFirstTask
                0x00000820       0x34 port.o
 .text.pxPortInitialiseStack
                0x00000854       0x20 port.o
                0x00000854                pxPortInitialiseStack
 .text.xPortStartScheduler
                0x00000874       0x64 port.o
                0x00000874                xPortStartScheduler
 .text.vPortYield
                0x000008d8       0x18 port.o
                0x000008d8                vPortYield
 .text.vPortEnterCritical
                0x000008f0       0x18 port.o
                0x000008f0                vPortEnterCritical
 .text.vPortExitCritical
                0x00000908       0x1c port.o
                0x00000908                vPortExitCritical
 .text.ulSetInterruptMaskFromISR
                0x00000924        0x8 port.o
                0x00000924                ulSetInterruptMaskFromISR
 .text.vClearInterruptMaskFromISR
                0x0000092c        0x6 port.o
                0x0000092c                vClearInterruptMaskFromISR
 *fill*         0x00000932        0xe 
 .text.PendSV_Handler
                0x00000940       0x44 port.o
                0x00000940                PendSV_Handler
 .text.SysTick_Handler
                0x00000984       0x30 port.o
                0x00000984                SysTick_Handler
 .text.prvIsQueueEmpty
                0x000009b4       0x1c queue.o
 .text.unlikely.prvCopyDataToQueue
                0x000009d0       0x78 queue.o
 .text.prvNotifyQueueSetContainer
                0x00000a48       0x64 queue.o
 .text.unlikely.prvCopyDataFromQueue
                0x00000aac       0x28 queue.o
 .text.prvUnlockQueue
                0x00000ad4       0x8c queue.o
 .text.xQueueGenericReset
                0x00000b60       0x7c queue.o
                0x00000b60                xQueueGenericReset
 .text.xQueueGenericCreate
                0x00000bdc       0x50 queue.o
                0x00000bdc                xQueueGenericCreate
 .text.xQueueGenericSend
                0x00000c2c      0x15c queue.o
                0x00000c2c                xQueueGenericSend
 .text.xQueueGenericSendFromISR
                0x00000d88       0xb8 queue.o
                0x00000d88                xQueueGenericSendFromISR
 .text.xQueueReceive
                0x00000e40      0x12c queue.o
                0x00000e40                xQueueReceive
 .text.xQueueSemaphoreTake
                0x00000f6c      0x17c queue.o
                0x00000f6c                xQueueSemaphoreTake
 .text.vQueueAddToRegistry
                0x000010e8       0x24 queue.o
                0x000010e8                vQueueAddToRegistry
 .text.vQueueWaitForMessageRestricted
                0x0000110c       0x5c queue.o
                0x0000110c                vQueueWaitForMessageRestricted
 .text.sendI2CDataArray
                0x00001168       0x6c RTCControl.o
                0x00001168                sendI2CDataArray
 .text.receiveI2CDataArray
                0x000011d4       0x90 RTCControl.o
                0x000011d4                receiveI2CDataArray
 .text.initI2C  0x00001264       0x94 RTCControl.o
                0x00001264                initI2C
 .text.prvResetNextTaskUnblockTime
                0x000012f8       0x20 tasks.o
 .text.prvAddCurrentTaskToDelayedList
                0x00001318       0x5c tasks.o
 .text.prvIdleTask
                0x00001374       0x58 tasks.o
 .text.xTaskCreate
                0x000013cc      0x194 tasks.o
                0x000013cc                xTaskCreate
 .text.vTaskStartScheduler
                0x00001560       0x60 tasks.o
                0x00001560                vTaskStartScheduler
 .text.vTaskSuspendAll
                0x000015c0       0x10 tasks.o
                0x000015c0                vTaskSuspendAll
 .text.xTaskGetTickCount
                0x000015d0        0xc tasks.o
                0x000015d0                xTaskGetTickCount
 .text.xTaskIncrementTick
                0x000015dc       0xe4 tasks.o
                0x000015dc                xTaskIncrementTick
 .text.xTaskResumeAll
                0x000016c0       0xd4 tasks.o
                0x000016c0                xTaskResumeAll
 .text.vTaskDelay
                0x00001794       0x44 tasks.o
                0x00001794                vTaskDelay
 .text.vTaskSwitchContext
                0x000017d8       0x60 tasks.o
                0x000017d8                vTaskSwitchContext
 .text.vTaskPlaceOnEventList
                0x00001838       0x2c tasks.o
                0x00001838                vTaskPlaceOnEventList
 .text.vTaskPlaceOnEventListRestricted
                0x00001864       0x38 tasks.o
                0x00001864                vTaskPlaceOnEventListRestricted
 .text.xTaskRemoveFromEventList
                0x0000189c       0x74 tasks.o
                0x0000189c                xTaskRemoveFromEventList
 .text.vTaskInternalSetTimeOutState
                0x00001910       0x18 tasks.o
                0x00001910                vTaskInternalSetTimeOutState
 .text.xTaskCheckForTimeOut
                0x00001928       0x70 tasks.o
                0x00001928                xTaskCheckForTimeOut
 .text.vTaskMissedYield
                0x00001998        0xc tasks.o
                0x00001998                vTaskMissedYield
 .text.xTaskGetSchedulerState
                0x000019a4       0x18 tasks.o
                0x000019a4                xTaskGetSchedulerState
 .text.xTaskPriorityInherit
                0x000019bc       0x84 tasks.o
                0x000019bc                xTaskPriorityInherit
 .text.xTaskPriorityDisinherit
                0x00001a40       0x70 tasks.o
                0x00001a40                xTaskPriorityDisinherit
 .text.vTaskPriorityDisinheritAfterTimeout
                0x00001ab0       0x84 tasks.o
                0x00001ab0                vTaskPriorityDisinheritAfterTimeout
 .text.pvTaskIncrementMutexHeldCount
                0x00001b34       0x18 tasks.o
                0x00001b34                pvTaskIncrementMutexHeldCount
 .text.prvCheckForValidListAndQueue
                0x00001b4c       0x5c timers.o
 .text.prvInsertTimerInActiveList
                0x00001ba8       0x40 timers.o
 .text.xTimerCreateTimerTask
                0x00001be8       0x40 timers.o
                0x00001be8                xTimerCreateTimerTask
 .text.xTimerGenericCommand
                0x00001c28       0x58 timers.o
                0x00001c28                xTimerGenericCommand
 .text.prvSwitchTimerLists
                0x00001c80       0x6c timers.o
 .text.prvTimerTask
                0x00001cec      0x188 timers.o
 .text.initUART
                0x00001e74       0x90 uart.o
                0x00001e74                initUART
 .text.__libc_init_array
                0x00001f04       0x48 c:/program files (x86)/atmel/studio/7.0/toolchain/arm/arm-gnu-toolchain/bin/../lib/gcc/arm-none-eabi/6.3.1/../../../../arm-none-eabi/lib/thumb/v6-m\libc.a(lib_a-init.o)
                0x00001f04                __libc_init_array
 .text.memcpy   0x00001f4c       0x84 c:/program files (x86)/atmel/studio/7.0/toolchain/arm/arm-gnu-toolchain/bin/../lib/gcc/arm-none-eabi/6.3.1/../../../../arm-none-eabi/lib/thumb/v6-m\libc.a(lib_a-memcpy-stub.o)
                0x00001f4c                memcpy
 .text.memset   0x00001fd0       0x94 c:/program files (x86)/atmel/studio/7.0/toolchain/arm/arm-gnu-toolchain/bin/../lib/gcc/arm-none-eabi/6.3.1/../../../../arm-none-eabi/lib/thumb/v6-m\libc.a(lib_a-memset.o)
                0x00001fd0                memset
 .text.startup.register_fini
                0x00002064       0x18 c:/program files (x86)/atmel/studio/7.0/toolchain/arm/arm-gnu-toolchain/bin/../lib/gcc/arm-none-eabi/6.3.1/../../../../arm-none-eabi/lib/thumb/v6-m\libc.a(lib_a-__call_atexit.o)
 .text.atexit   0x0000207c       0x10 c:/program files (x86)/atmel/studio/7.0/toolchain/arm/arm-gnu-toolchain/bin/../lib/gcc/arm-none-eabi/6.3.1/../../../../arm-none-eabi/lib/thumb/v6-m\libc.a(lib_a-atexit.o)
                0x0000207c                atexit
 .text.__libc_fini_array
                0x0000208c       0x34 c:/program files (x86)/atmel/studio/7.0/toolchain/arm/arm-gnu-toolchain/bin/../lib/gcc/arm-none-eabi/6.3.1/../../../../arm-none-eabi/lib/thumb/v6-m\libc.a(lib_a-fini.o)
                0x0000208c                __libc_fini_array
 .text.__retarget_lock_acquire_recursive
                0x000020c0        0x4 c:/program files (x86)/atmel/studio/7.0/toolchain/arm/arm-gnu-toolchain/bin/../lib/gcc/arm-none-eabi/6.3.1/../../../../arm-none-eabi/lib/thumb/v6-m\libc.a(lib_a-lock.o)
                0x000020c0                __retarget_lock_acquire_recursive
 .text.__retarget_lock_release_recursive
                0x000020c4        0x4 c:/program files (x86)/atmel/studio/7.0/toolchain/arm/arm-gnu-toolchain/bin/../lib/gcc/arm-none-eabi/6.3.1/../../../../arm-none-eabi/lib/thumb/v6-m\libc.a(lib_a-lock.o)
                0x000020c4                __retarget_lock_release_recursive
 .text.__register_exitproc
                0x000020c8       0xf4 c:/program files (x86)/atmel/studio/7.0/toolchain/arm/arm-gnu-toolchain/bin/../lib/gcc/arm-none-eabi/6.3.1/../../../../arm-none-eabi/lib/thumb/v6-m\libc.a(lib_a-__atexit.o)
                0x000020c8                __register_exitproc
 *(.glue_7t)
 .glue_7t       0x000021bc        0x0 linker stubs
 *(.glue_7)
 .glue_7        0x000021bc        0x0 linker stubs
 *(.rodata .rodata* .gnu.linkonce.r.*)
 .rodata.str1.1
                0x000021bc       0x6c main.o
 .rodata.str1.1
                0x00002228       0x14 tasks.o
 .rodata.str1.1
                0x0000223c        0xd timers.o
 *fill*         0x00002249        0x3 
 .rodata._global_impure_ptr
                0x0000224c        0x4 c:/program files (x86)/atmel/studio/7.0/toolchain/arm/arm-gnu-toolchain/bin/../lib/gcc/arm-none-eabi/6.3.1/../../../../arm-none-eabi/lib/thumb/v6-m\libc.a(lib_a-impure.o)
                0x0000224c                _global_impure_ptr
 *(.ARM.extab* .gnu.linkonce.armextab.*)
                0x00002250                . = ALIGN (0x4)
 *(.init)
 .init          0x00002250        0x4 c:/program files (x86)/atmel/studio/7.0/toolchain/arm/arm-gnu-toolchain/bin/../lib/gcc/arm-none-eabi/6.3.1/thumb/v6-m/crti.o
                0x00002250                _init
 .init          0x00002254        0x8 c:/program files (x86)/atmel/studio/7.0/toolchain/arm/arm-gnu-toolchain/bin/../lib/gcc/arm-none-eabi/6.3.1/thumb/v6-m/crtn.o
                0x0000225c                . = ALIGN (0x4)
                0x0000225c                __preinit_array_start = .
 *(.preinit_array)
                0x0000225c                __preinit_array_end = .
                0x0000225c                . = ALIGN (0x4)
                0x0000225c                __init_array_start = .
 *(SORT(.init_array.*))
 .init_array.00000
                0x0000225c        0x4 c:/program files (x86)/atmel/studio/7.0/toolchain/arm/arm-gnu-toolchain/bin/../lib/gcc/arm-none-eabi/6.3.1/../../../../arm-none-eabi/lib/thumb/v6-m\libc.a(lib_a-__call_atexit.o)
 *(.init_array)
 .init_array    0x00002260        0x4 c:/program files (x86)/atmel/studio/7.0/toolchain/arm/arm-gnu-toolchain/bin/../lib/gcc/arm-none-eabi/6.3.1/thumb/v6-m/crtbegin.o
                0x00002264                __init_array_end = .
                0x00002264                . = ALIGN (0x4)
 *crtbegin.o(.ctors)
 *(EXCLUDE_FILE(*crtend.o) .ctors)
 *(SORT(.ctors.*))
 *crtend.o(.ctors)
                0x00002264                . = ALIGN (0x4)
 *(.fini)
 .fini          0x00002264        0x4 c:/program files (x86)/atmel/studio/7.0/toolchain/arm/arm-gnu-toolchain/bin/../lib/gcc/arm-none-eabi/6.3.1/thumb/v6-m/crti.o
                0x00002264                _fini
 .fini          0x00002268        0x8 c:/program files (x86)/atmel/studio/7.0/toolchain/arm/arm-gnu-toolchain/bin/../lib/gcc/arm-none-eabi/6.3.1/thumb/v6-m/crtn.o
                0x00002270                . = ALIGN (0x4)
                0x00002270                __fini_array_start = .
 *(.fini_array)
 .fini_array    0x00002270        0x4 c:/program files (x86)/atmel/studio/7.0/toolchain/arm/arm-gnu-toolchain/bin/../lib/gcc/arm-none-eabi/6.3.1/thumb/v6-m/crtbegin.o
 *(SORT(.fini_array.*))
                0x00002274                __fini_array_end = .
 *crtbegin.o(.dtors)
 *(EXCLUDE_FILE(*crtend.o) .dtors)
 *(SORT(.dtors.*))
 *crtend.o(.dtors)
                0x00002274                . = ALIGN (0x4)
                0x00002274                _efixed = .
                [!provide]                PROVIDE (__exidx_start, .)

.vfp11_veneer   0x00002274        0x0
 .vfp11_veneer  0x00002274        0x0 linker stubs

.v4_bx          0x00002274        0x0
 .v4_bx         0x00002274        0x0 linker stubs

.iplt           0x00002274        0x0
 .iplt          0x00002274        0x0 c:/program files (x86)/atmel/studio/7.0/toolchain/arm/arm-gnu-toolchain/bin/../lib/gcc/arm-none-eabi/6.3.1/thumb/v6-m/crtbegin.o

.eh_frame       0x00002274        0x0
 .eh_frame      0x00002274        0x0 c:/program files (x86)/atmel/studio/7.0/toolchain/arm/arm-gnu-toolchain/bin/../lib/gcc/arm-none-eabi/6.3.1/thumb/v6-m/crtbegin.o

.rel.dyn        0x00002274        0x0
 .rel.iplt      0x00002274        0x0 c:/program files (x86)/atmel/studio/7.0/toolchain/arm/arm-gnu-toolchain/bin/../lib/gcc/arm-none-eabi/6.3.1/thumb/v6-m/crtbegin.o

.jcr            0x00002274        0x0
 .jcr           0x00002274        0x0 c:/program files (x86)/atmel/studio/7.0/toolchain/arm/arm-gnu-toolchain/bin/../lib/gcc/arm-none-eabi/6.3.1/thumb/v6-m/crtbegin.o

.igot.plt       0x00002274        0x0
 .igot.plt      0x00002274        0x0 c:/program files (x86)/atmel/studio/7.0/toolchain/arm/arm-gnu-toolchain/bin/../lib/gcc/arm-none-eabi/6.3.1/thumb/v6-m/crtbegin.o

.ARM.exidx
 *(.ARM.exidx* .gnu.linkonce.armexidx.*)
                [!provide]                PROVIDE (__exidx_end, .)
                0x00002274                . = ALIGN (0x4)
                0x00002274                _etext = .

.relocate       0x20000000      0x43c load address 0x00002274
                0x20000000                . = ALIGN (0x4)
                0x20000000                _srelocate = .
 *(.ramfunc .ramfunc.*)
 *(.data .data.*)
 .data          0x20000000        0x4 Device_Startup/system_samd21.o
                0x20000000                SystemCoreClock
 .data          0x20000004        0x4 heap_2.o
 .data          0x20000008        0x4 main.o
                0x20000008                Door_Queue_Handle
 .data          0x2000000c        0x4 port.o
 .data.impure_data
                0x20000010      0x428 c:/program files (x86)/atmel/studio/7.0/toolchain/arm/arm-gnu-toolchain/bin/../lib/gcc/arm-none-eabi/6.3.1/../../../../arm-none-eabi/lib/thumb/v6-m\libc.a(lib_a-impure.o)
 .data.__atexit_recursive_mutex
                0x20000438        0x4 c:/program files (x86)/atmel/studio/7.0/toolchain/arm/arm-gnu-toolchain/bin/../lib/gcc/arm-none-eabi/6.3.1/../../../../arm-none-eabi/lib/thumb/v6-m\libc.a(lib_a-__call_atexit.o)
                0x20000438                __atexit_recursive_mutex
                0x2000043c                . = ALIGN (0x4)
                0x2000043c                _erelocate = .

.bss            0x2000043c     0x407c load address 0x000026b0
                0x2000043c                . = ALIGN (0x4)
                0x2000043c                _sbss = .
                0x2000043c                _szero = .
 *(.bss .bss.*)
 .bss           0x2000043c       0x1c c:/program files (x86)/atmel/studio/7.0/toolchain/arm/arm-gnu-toolchain/bin/../lib/gcc/arm-none-eabi/6.3.1/thumb/v6-m/crtbegin.o
 .bss           0x20000458     0x3e94 heap_2.o
 .bss           0x200042ec        0x6 main.o
                0x200042ec                Global_Queue_Handle
 *fill*         0x200042f2        0x2 
 .bss           0x200042f4       0x18 myprintf.o
 .bss           0x2000430c      0x104 tasks.o
                0x20004340                pxCurrentTCB
 .bss           0x20004410       0x3c timers.o
 *(COMMON)
 COMMON         0x2000444c        0x4 main.o
                0x2000444c                rx_binary_sem
 COMMON         0x20004450       0x40 queue.o
                0x20004450                xQueueRegistry
 COMMON         0x20004490        0x4 RTCControl.o
                0x20004490                i
 COMMON         0x20004494       0x21 c:/program files (x86)/atmel/studio/7.0/toolchain/arm/arm-gnu-toolchain/bin/../lib/gcc/arm-none-eabi/6.3.1/../../../../arm-none-eabi/lib/thumb/v6-m\libc.a(lib_a-lock.o)
                0x20004494                __lock___atexit_recursive_mutex
                0x20004498                __lock___arc4random_mutex
                0x2000449c                __lock___env_recursive_mutex
                0x200044a0                __lock___sinit_recursive_mutex
                0x200044a4                __lock___malloc_recursive_mutex
                0x200044a8                __lock___at_quick_exit_mutex
                0x200044ac                __lock___dd_hash_mutex
                0x200044b0                __lock___tz_mutex
                0x200044b4                __lock___sfp_recursive_mutex
                0x200044b8                . = ALIGN (0x4)
 *fill*         0x200044b5        0x3 
                0x200044b8                _ebss = .
                0x200044b8                _ezero = .

.stack          0x200044b8     0x2000 load address 0x0000672c
                0x200044b8                . = ALIGN (0x8)
                0x200044b8                _sstack = .
                0x200064b8                . = (. + STACK_SIZE)
 *fill*         0x200044b8     0x2000 
                0x200064b8                . = ALIGN (0x8)
                0x200064b8                _estack = .
                0x200064b8                . = ALIGN (0x4)
                0x200064b8                _end = .
OUTPUT(ArduinoRTOSProject.elf elf32-littlearm)

.ARM.attributes
                0x00000000       0x28
 .ARM.attributes
                0x00000000       0x1e c:/program files (x86)/atmel/studio/7.0/toolchain/arm/arm-gnu-toolchain/bin/../lib/gcc/arm-none-eabi/6.3.1/thumb/v6-m/crti.o
 .ARM.attributes
                0x0000001e       0x2c c:/program files (x86)/atmel/studio/7.0/toolchain/arm/arm-gnu-toolchain/bin/../lib/gcc/arm-none-eabi/6.3.1/thumb/v6-m/crtbegin.o
 .ARM.attributes
                0x0000004a       0x32 Device_Startup/startup_samd21.o
 .ARM.attributes
                0x0000007c       0x32 Device_Startup/system_samd21.o
 .ARM.attributes
                0x000000ae       0x32 heap_2.o
 .ARM.attributes
                0x000000e0       0x32 list.o
 .ARM.attributes
                0x00000112       0x32 main.o
 .ARM.attributes
                0x00000144       0x32 myprintf.o
 .ARM.attributes
                0x00000176       0x32 port.o
 .ARM.attributes
                0x000001a8       0x32 queue.o
 .ARM.attributes
                0x000001da       0x32 RTCControl.o
 .ARM.attributes
                0x0000020c       0x32 tasks.o
 .ARM.attributes
                0x0000023e       0x32 timers.o
 .ARM.attributes
                0x00000270       0x32 uart.o
 .ARM.attributes
                0x000002a2       0x2c c:/program files (x86)/atmel/studio/7.0/toolchain/arm/arm-gnu-toolchain/bin/../lib/gcc/arm-none-eabi/6.3.1/../../../../arm-none-eabi/lib/thumb/v6-m\libc.a(lib_a-impure.o)
 .ARM.attributes
                0x000002ce       0x2c c:/program files (x86)/atmel/studio/7.0/toolchain/arm/arm-gnu-toolchain/bin/../lib/gcc/arm-none-eabi/6.3.1/../../../../arm-none-eabi/lib/thumb/v6-m\libc.a(lib_a-init.o)
 .ARM.attributes
                0x000002fa       0x2c c:/program files (x86)/atmel/studio/7.0/toolchain/arm/arm-gnu-toolchain/bin/../lib/gcc/arm-none-eabi/6.3.1/../../../../arm-none-eabi/lib/thumb/v6-m\libc.a(lib_a-memcpy-stub.o)
 .ARM.attributes
                0x00000326       0x2c c:/program files (x86)/atmel/studio/7.0/toolchain/arm/arm-gnu-toolchain/bin/../lib/gcc/arm-none-eabi/6.3.1/../../../../arm-none-eabi/lib/thumb/v6-m\libc.a(lib_a-memset.o)
 .ARM.attributes
                0x00000352       0x2c c:/program files (x86)/atmel/studio/7.0/toolchain/arm/arm-gnu-toolchain/bin/../lib/gcc/arm-none-eabi/6.3.1/../../../../arm-none-eabi/lib/thumb/v6-m\libc.a(lib_a-__call_atexit.o)
 .ARM.attributes
                0x0000037e       0x2c c:/program files (x86)/atmel/studio/7.0/toolchain/arm/arm-gnu-toolchain/bin/../lib/gcc/arm-none-eabi/6.3.1/../../../../arm-none-eabi/lib/thumb/v6-m\libc.a(lib_a-atexit.o)
 .ARM.attributes
                0x000003aa       0x2c c:/program files (x86)/atmel/studio/7.0/toolchain/arm/arm-gnu-toolchain/bin/../lib/gcc/arm-none-eabi/6.3.1/../../../../arm-none-eabi/lib/thumb/v6-m\libc.a(lib_a-fini.o)
 .ARM.attributes
                0x000003d6       0x2c c:/program files (x86)/atmel/studio/7.0/toolchain/arm/arm-gnu-toolchain/bin/../lib/gcc/arm-none-eabi/6.3.1/../../../../arm-none-eabi/lib/thumb/v6-m\libc.a(lib_a-lock.o)
 .ARM.attributes
                0x00000402       0x2c c:/program files (x86)/atmel/studio/7.0/toolchain/arm/arm-gnu-toolchain/bin/../lib/gcc/arm-none-eabi/6.3.1/../../../../arm-none-eabi/lib/thumb/v6-m\libc.a(lib_a-__atexit.o)
 .ARM.attributes
                0x0000042e       0x1e c:/program files (x86)/atmel/studio/7.0/toolchain/arm/arm-gnu-toolchain/bin/../lib/gcc/arm-none-eabi/6.3.1/thumb/v6-m/crtn.o

.comment        0x00000000       0x59
 .comment       0x00000000       0x59 Device_Startup/startup_samd21.o
                                 0x5a (size before relaxing)
 .comment       0x00000059       0x5a Device_Startup/system_samd21.o
 .comment       0x00000059       0x5a heap_2.o
 .comment       0x00000059       0x5a list.o
 .comment       0x00000059       0x5a main.o
 .comment       0x00000059       0x5a myprintf.o
 .comment       0x00000059       0x5a port.o
 .comment       0x00000059       0x5a queue.o
 .comment       0x00000059       0x5a RTCControl.o
 .comment       0x00000059       0x5a tasks.o
 .comment       0x00000059       0x5a timers.o
 .comment       0x00000059       0x5a uart.o

.debug_frame    0x00000000      0x220
 .debug_frame   0x00000000       0x2c c:/program files (x86)/atmel/studio/7.0/toolchain/arm/arm-gnu-toolchain/bin/../lib/gcc/arm-none-eabi/6.3.1/../../../../arm-none-eabi/lib/thumb/v6-m\libc.a(lib_a-init.o)
 .debug_frame   0x0000002c       0x30 c:/program files (x86)/atmel/studio/7.0/toolchain/arm/arm-gnu-toolchain/bin/../lib/gcc/arm-none-eabi/6.3.1/../../../../arm-none-eabi/lib/thumb/v6-m\libc.a(lib_a-memcpy-stub.o)
 .debug_frame   0x0000005c       0x30 c:/program files (x86)/atmel/studio/7.0/toolchain/arm/arm-gnu-toolchain/bin/../lib/gcc/arm-none-eabi/6.3.1/../../../../arm-none-eabi/lib/thumb/v6-m\libc.a(lib_a-memset.o)
 .debug_frame   0x0000008c       0x54 c:/program files (x86)/atmel/studio/7.0/toolchain/arm/arm-gnu-toolchain/bin/../lib/gcc/arm-none-eabi/6.3.1/../../../../arm-none-eabi/lib/thumb/v6-m\libc.a(lib_a-__call_atexit.o)
 .debug_frame   0x000000e0       0x28 c:/program files (x86)/atmel/studio/7.0/toolchain/arm/arm-gnu-toolchain/bin/../lib/gcc/arm-none-eabi/6.3.1/../../../../arm-none-eabi/lib/thumb/v6-m\libc.a(lib_a-atexit.o)
 .debug_frame   0x00000108       0x2c c:/program files (x86)/atmel/studio/7.0/toolchain/arm/arm-gnu-toolchain/bin/../lib/gcc/arm-none-eabi/6.3.1/../../../../arm-none-eabi/lib/thumb/v6-m\libc.a(lib_a-fini.o)
 .debug_frame   0x00000134       0xb0 c:/program files (x86)/atmel/studio/7.0/toolchain/arm/arm-gnu-toolchain/bin/../lib/gcc/arm-none-eabi/6.3.1/../../../../arm-none-eabi/lib/thumb/v6-m\libc.a(lib_a-lock.o)
 .debug_frame   0x000001e4       0x3c c:/program files (x86)/atmel/studio/7.0/toolchain/arm/arm-gnu-toolchain/bin/../lib/gcc/arm-none-eabi/6.3.1/../../../../arm-none-eabi/lib/thumb/v6-m\libc.a(lib_a-__atexit.o)
